<?php

namespace Modules\Blog\Interfaces\Api;

interface MyInterface {}
