<?php

namespace Modules\Blog\Interfaces;

interface MyInterface {}
