<?php

use Illuminate\Support\Facades\Route;
use Custom\Modules\Blog\Http\Controllers\BlogController;

Route::middleware(['auth', 'verified'])->group(function () {
    Route::resource('blog', BlogController::class)->names('blog');
});
