<?php

use Illuminate\Support\Facades\Route;
use Custom\Modules\Blog\Http\Controllers\BlogController;

Route::middleware(['auth:sanctum'])->prefix('v1')->group(function () {
    Route::apiResource('blog', BlogController::class)->names('blog');
});
